笆ｲ Next.js 16.1.6 (Turbopack)
- Environments: .env.local, .env

node.exe : 笞 The "middleware" file convention is deprecated. Please use "proxy" instead. Learn more: https://nextjs.or
g/docs/messages/middleware-to-proxy
発生場所 行:1 文字:1
+ & "C:\Program Files\nodejs/node.exe" "C:\Program Files\nodejs/node_mo ...
+ ~~~~~~~~~~~~~~~~~~~~~~~~~~~~~~~~~~~~~~~~~~~~~~~~~~~~~~~~~~~~~~~~~~~~~
    + CategoryInfo          : NotSpecified: (笞 The "middlew...leware-to-proxy:String) [], RemoteException
    + FullyQualifiedErrorId : NativeCommandError
 
  Creating an optimized production build ...
笨・Compiled successfully in 7.8s
  Skipping validation of types
  Collecting page data using 7 workers ...
筧ｯ Invalid segment configuration export detected. This can cause unexpected behavior from the configs not being applied
. You should see the relevant failures in the logs above. Please fix them to continue.
